T MORR#JACOB:)
---------------------------------
@@@@@@@@@@@@@@@@@@@@@@@@@@@@@@@@@
        @@@@@@@@@@@@@@@@@        
         I     I I     I         
         I     I I     I         
@@       I     I I     I       @@
@@@@@@@@ I  O  I I     I @@@@@@@@
@@@@@@@@@@@    I I    @@@@@@@@@@@
@@@@@@@@@@@   @@@@@   @@@@@@@@@@@
@@@@@@@@@@@@   I I   @@@@@@@@@@@@
@@@@@@@@@@@@@@@wmw@@@@@@@@@@@@@@@
@@@@@@@@@@@@@@@@@@@@@@@@@@@@@@@@@
@@@@@@@@@@@@@@@@@@@@@@@@@@@@@@@@@
---------------------------------
@@@@@@@@@@@@@@@@@@@@@@@@@@@@@@@@@
        @@@@@@@@@@@@@@@@@        
         I     I I     I         
         I     I I     I         
@@       I     I I     I       @@
@@@@@@@@ I  O  I I     I @@@@@@@@
@@@@@@@@@@@    I I    @@@@@@@@@@@
@@@@@@@@@@@   @@@@@   @@@@@@@@@@@
@@@@@@@@@@@@   I I   @@@@@@@@@@@@
@@@@@@@@@@@@@@@wmw@@@@@@@@@@@@@@@
@@@@@@@@@@@@@@@@@@@@@@@@@@@@@@@@@
@@@@@@@@@@@@@@@@@@@@@@@@@@@@@@@@@
---------------------------------
@@@@@@@@@@@@@@@@@@@@@@@@@@@@@@@@@
        @@@@@@@@@@@@@@@@@        
         I     I I     I         
         I     I I     I         
@@       I     I I     I       @@
@@@@@@@@ I  O  I I     I @@@@@@@@
@@@@@@@@@@@    I I    @@@@@@@@@@@
@@@@@@@@@@@   @@@@@   @@@@@@@@@@@
@@@@@@@@@@@@   I I   @@@@@@@@@@@@
@@@@@@@@@@@@@@@wmw@@@@@@@@@@@@@@@
@@@@@@@@@@@@@@@@@@@@@@@@@@@@@@@@@
@@@@@@@@@@@@@@@@@@@@@@@@@@@@@@@@@
---------------------------------
@@@@@@@@@@@@@@@@@@@@@@@@@@@@@@@@@
        @@@@@@@@@@@@@@@@@        
         I     I I     I         
         I     I I     I         
@@       I     I I     I       @@
@@@@@@@@ I  O  I I     I @@@@@@@@
@@@@@@@@@@@    I I    @@@@@@@@@@@
@@@@@@@@@@@   @@@@@   @@@@@@@@@@@
@@@@@@@@@@@@   I I   @@@@@@@@@@@@
@@@@@@@@@@@@@@@wmw@@@@@@@@@@@@@@@
@@@@@@@@@@@@@@@@@@@@@@@@@@@@@@@@@
@@@@@@@@@@@@@@@@@@@@@@@@@@@@@@@@@
---------------------------------
@@@@@@@@@@@@@@@@@@@@@@@@@@@@@@@@@
        @@@@@@@@@@@@@@@@@        
         I     I I     I         
         I     I I     I         
@@       I     I I     I       @@
@@@@@@@@ I  O  I I     I @@@@@@@@
@@@@@@@@@@@    I I    @@@@@@@@@@@
@@@@@@@@@@@   @@@@@   @@@@@@@@@@@
@@@@@@@@@@@@   I I   @@@@@@@@@@@@
@@@@@@@@@@@@@@@wmw@@@@@@@@@@@@@@@
@@@@@@@@@@@@@@@@@@@@@@@@@@@@@@@@@
@@@@@@@@@@@@@@@@@@@@@@@@@@@@@@@@@
---------------------------------
@@@@@@@@@@@@@@@@@@@@@@@@@@@@@@@@@
        @@@@@@@@@@@@@@@@@        
         I     I I     I         
         I     I I     I         
@@       I     I I     I       @@
@@@@@@@@ I  O  I I     I @@@@@@@@
@@@@@@@@@@@    I I    @@@@@@@@@@@
@@@@@@@@@@@   @@@@@   @@@@@@@@@@@
@@@@@@@@@@@@   I I   @@@@@@@@@@@@
@@@@@@@@@@@@@@@^^^@@@@@@@@@@@@@@@
@@@@@@@@@@@@@@@@@@@@@@@@@@@@@@@@@
@@@@@@@@@@@@@@@@@@@@@@@@@@@@@@@@@
---------------------------------
